../Core/Src/main.c:68:6:transmitUART	16	static
../Core/Src/main.c:73:6:displayLedPC9	8	static
../Core/Src/main.c:77:6:HAL_UART_RxCpltCallback	16	static
../Core/Src/main.c:97:5:main	8	static
../Core/Src/main.c:149:6:SystemClock_Config	72	static
../Core/Src/main.c:186:13:MX_TIM2_Init	32	static
../Core/Src/main.c:231:13:MX_USART1_UART_Init	8	static
../Core/Src/main.c:264:13:MX_GPIO_Init	32	static
../Core/Src/main.c:299:6:HAL_TIM_PeriodElapsedCallback	16	static
../Core/Src/main.c:308:6:Error_Handler	4	static,ignoring_inline_asm
